[18:13:44] [ServerMain/INFO]: Environment: authHost='https://authserver.mojang.com', accountsHost='https://api.mojang.com', sessionHost='https://sessionserver.mojang.com', servicesHost='https://api.minecraftservices.com', name='PROD'
[18:13:46] [ServerMain/INFO]: Loaded 7 recipes
[18:13:46] [Server thread/INFO]: Starting minecraft server version 1.20.1
[18:13:46] [Server thread/INFO]: Loading properties
[18:13:46] [Server thread/INFO]: This server is running Paper version git-Paper-196 (MC: 1.20.1) (Implementing API version 1.20.1-R0.1-SNAPSHOT) (Git: 773dd72)
[18:13:47] [Server thread/INFO]: Server Ping Player Sample Count: 12
[18:13:47] [Server thread/INFO]: Using 4 threads for Netty based IO
[18:13:47] [Server thread/WARN]: [!] The timings profiler has been enabled but has been scheduled for removal from Paper in the future.
    We recommend installing the spark profiler as a replacement: https://spark.lucko.me/
    For more information please visit: https://github.com/PaperMC/Paper/issues/8948
[18:13:47] [Server thread/INFO]: [ChunkTaskScheduler] Chunk system is using 1 I/O threads, 1 worker threads, and gen parallelism of 1 threads
[18:13:47] [Server thread/INFO]: Default game type: SURVIVAL
[18:13:47] [Server thread/INFO]: Generating keypair
[18:13:47] [Server thread/INFO]: Starting Minecraft server on *:25565
[18:13:47] [Server thread/INFO]: Using epoll channel type
[18:13:47] [Server thread/INFO]: Paper: Using libdeflate (Linux x86_64) compression from Velocity.
[18:13:47] [Server thread/INFO]: Paper: Using OpenSSL 3.0.x (Linux x86_64) cipher from Velocity.
[18:13:47] [Server thread/ERROR]: [ModernPluginLoadingStrategy] Could not load plugin 'MCKotlinPaper-1.5.1-k2.4.0.jar' in folder 'plugins'
java.lang.UnsupportedClassVersionError: io/github/_4drian3d/mckotlin/paper/PaperPlugin has been compiled by a more recent version of the Java Runtime (class file version 65.0), this version of the Java Runtime only recognizes class file versions up to 61.0
	at java.lang.ClassLoader.defineClass1(Native Method) ~[?:?]
	at java.lang.ClassLoader.defineClass(ClassLoader.java:1017) ~[?:?]
	at java.security.SecureClassLoader.defineClass(SecureClassLoader.java:150) ~[?:?]
	at io.papermc.paper.plugin.entrypoint.classloader.PaperSimplePluginClassLoader.findClass(PaperSimplePluginClassLoader.java:103) ~[paper-1.20.1.jar:git-Paper-196]
	at java.lang.ClassLoader.loadClass(ClassLoader.java:592) ~[?:?]
	at io.papermc.paper.plugin.entrypoint.classloader.PaperPluginClassLoader.loadClass(PaperPluginClassLoader.java:114) ~[paper-1.20.1.jar:git-Paper-196]
	at io.papermc.paper.plugin.entrypoint.classloader.PaperPluginClassLoader.loadClass(PaperPluginClassLoader.java:103) ~[paper-1.20.1.jar:git-Paper-196]
	at java.lang.ClassLoader.loadClass(ClassLoader.java:525) ~[?:?]
	at java.lang.Class.forName0(Native Method) ~[?:?]
	at java.lang.Class.forName(Class.java:469) ~[?:?]
	at io.papermc.paper.plugin.provider.util.ProviderUtil.loadClass(ProviderUtil.java:51) ~[paper-api-1.20.1-R0.1-SNAPSHOT.jar:?]
	at io.papermc.paper.plugin.provider.util.ProviderUtil.loadClass(ProviderUtil.java:29) ~[paper-api-1.20.1-R0.1-SNAPSHOT.jar:?]
	at io.papermc.paper.plugin.provider.type.paper.PaperPluginParent$PaperServerPluginProvider.createInstance(PaperPluginParent.java:169) ~[paper-1.20.1.jar:git-Paper-196]
	at io.papermc.paper.plugin.provider.type.paper.PaperPluginParent$PaperServerPluginProvider.createInstance(PaperPluginParent.java:139) ~[paper-1.20.1.jar:git-Paper-196]
	at io.papermc.paper.plugin.entrypoint.strategy.modern.ModernPluginLoadingStrategy.loadProviders(ModernPluginLoadingStrategy.java:116) ~[paper-1.20.1.jar:git-Paper-196]
	at io.papermc.paper.plugin.storage.SimpleProviderStorage.enter(SimpleProviderStorage.java:39) ~[paper-1.20.1.jar:git-Paper-196]
	at io.papermc.paper.plugin.entrypoint.LaunchEntryPointHandler.enter(LaunchEntryPointHandler.java:36) ~[paper-1.20.1.jar:git-Paper-196]
	at org.bukkit.craftbukkit.v1_20_R1.CraftServer.loadPlugins(CraftServer.java:510) ~[paper-1.20.1.jar:git-Paper-196]
	at net.minecraft.server.dedicated.DedicatedServer.initServer(DedicatedServer.java:273) ~[paper-1.20.1.jar:git-Paper-196]
	at net.minecraft.server.MinecraftServer.runServer(MinecraftServer.java:1100) ~[paper-1.20.1.jar:git-Paper-196]
	at net.minecraft.server.MinecraftServer.lambda$spin$0(MinecraftServer.java:317) ~[paper-1.20.1.jar:git-Paper-196]
	at java.lang.Thread.run(Thread.java:840) ~[?:?]
[18:13:47] [Server thread/WARN]: [org.bukkit.craftbukkit.v1_20_R1.legacy.CraftLegacy] Initializing Legacy Material Support. Unless you have legacy plugins and/or data this is a bug!
[18:13:51] [Server thread/WARN]: Legacy plugin DeathCounter v1.0.0 does not specify an api-version.
[18:13:51] [Server thread/INFO]: [PlaceholderAPI] Loading server plugin PlaceholderAPI v2.12.3
[18:13:51] [Server thread/INFO]: [NoBurningMobs] Loading server plugin NoBurningMobs v1.0-SNAPSHOT
[18:13:51] [Server thread/INFO]: [HardPlus] Loading server plugin HardPlus v2.3.1-1.20.1
[18:13:51] [Server thread/INFO]: [DeathCounter] Loading server plugin DeathCounter v1.0.0
[18:13:51] [Server thread/INFO]: [KotlinPlugins] Loading server plugin KotlinPlugins v1.0-SNAPSHOT
[18:13:51] [Server thread/INFO]: [OnePlayerSleep] Loading server plugin OnePlayerSleep v4.0.1
[18:13:51] [Server thread/INFO]: [NoVillagerBreeding] Loading server plugin NoVillagerBreeding v1.0.0
[18:13:51] [Server thread/INFO]: [HardcoreDeluxe] Loading server plugin HardcoreDeluxe v0.5
[18:13:51] [Server thread/INFO]: Server permissions file permissions.yml is empty, ignoring it
[18:13:51] [Server thread/WARN]: **** SERVER IS RUNNING IN OFFLINE/INSECURE MODE!
[18:13:51] [Server thread/WARN]: The server will make no attempt to authenticate usernames. Beware.
[18:13:51] [Server thread/WARN]: While this makes the game possible to play without internet access, it also opens up the ability for hackers to connect with any username they choose.
[18:13:51] [Server thread/WARN]: To change this, set "online-mode" to "true" in the server.properties file.
[18:13:51] [Server thread/INFO]: Preparing level "world"
[18:13:51] [Server thread/INFO]: Preparing start region for dimension minecraft:overworld
[18:13:51] [Server thread/INFO]: Time elapsed: 200 ms
[18:13:51] [Server thread/INFO]: Preparing start region for dimension minecraft:the_nether
[18:13:51] [Server thread/INFO]: Time elapsed: 80 ms
[18:13:51] [Server thread/INFO]: Preparing start region for dimension minecraft:the_end
[18:13:51] [Server thread/INFO]: Time elapsed: 50 ms
[18:13:51] [Server thread/INFO]: [PlaceholderAPI] Enabling PlaceholderAPI v2.12.3
[18:13:52] [Server thread/INFO]: [PlaceholderAPI] Fetching available expansion information...
[18:13:52] [Server thread/INFO]: [NoBurningMobs] Enabling NoBurningMobs v1.0-SNAPSHOT
[18:13:52] [Server thread/INFO]: [NoBurningMobs] NoBurningMobs plugin has been enabled.
[18:13:52] [Server thread/INFO]: [HardPlus] Enabling HardPlus v2.3.1-1.20.1
[18:13:52] [Server thread/INFO]: [DeathCounter] Enabling DeathCounter v1.0.0*
[18:13:53] [Server thread/INFO]: [PlaceholderAPI] Successfully registered internal expansion: deathcounter [1.0.0]
[18:13:53] [Server thread/INFO]: [DeathCounter] Registered PlaceholderAPI expansion (example: %deathcounter_deaths%).
[18:13:53] [Server thread/INFO]: [DeathCounter] bStats metrics enabled (plugin id 31072). Data appears on the dashboard after the first upload.
[18:13:53] [Server thread/INFO]: [DeathCounter] DeathCounter enabled.
[18:13:53] [Server thread/INFO]: [KotlinPlugins] Enabling KotlinPlugins v1.0-SNAPSHOT
[18:13:53] [Server thread/INFO]: [KotlinPlugins] 🌟 KotlinFix has been enabled! 🌟
[18:13:53] [Server thread/INFO]: [OnePlayerSleep] Enabling OnePlayerSleep v4.0.1
[18:13:53] [Server thread/INFO]: 
[18:13:53] [Server thread/INFO]: ╔══════════════════════════════════════════════════╗
[18:13:53] [Server thread/INFO]: ║                                                  ║
[18:13:53] [Server thread/INFO]: ║    ⭐ OnePlayerSleep v4.0.1 ⭐                ║
[18:13:53] [Server thread/INFO]: ║                                                  ║
[18:13:53] [Server thread/INFO]: ║    Author: heyWaffie                           ║
[18:13:53] [Server thread/INFO]: ║    Server: git-Paper-196 (MC: 1              ║
[18:13:53] [Server thread/INFO]: ║                                                  ║
[18:13:53] [Server thread/INFO]: ╠══════════════════════════════════════════════════╣
[18:13:53] [Server thread/INFO]: ║                                                  ║
[18:13:53] [Server thread/INFO]: ║    ✓ Event Listeners → LOADED              ║
[18:13:53] [Server thread/INFO]: ║    ✓ Commands → REGISTERED                  ║
[18:13:53] [Server thread/INFO]: ║    ✓ Configuration → INITIALIZED            ║
[18:13:53] [Server thread/INFO]: ║                                                  ║
[18:13:53] [Server thread/INFO]: ╠══════════════════════════════════════════════════╣
[18:13:53] [Server thread/INFO]: ║                                                  ║
[18:13:53] [Server thread/INFO]: ║    🌙 One Player Sleep → Enabled!          ║
[18:13:53] [Server thread/INFO]: ║    💤 Skip nights with just ONE player!      ║
[18:13:53] [Server thread/INFO]: ║                                                  ║
[18:13:53] [Server thread/INFO]: ╚══════════════════════════════════════════════════╝
[18:13:53] [Server thread/INFO]: 
[18:13:53] [Server thread/INFO]: [NoVillagerBreeding] Enabling NoVillagerBreeding v1.0.0
[18:13:53] [Server thread/INFO]: [NoVillagerBreeding] NoVillagerBreeding has been enabled
[18:13:53] [Server thread/INFO]: [HardcoreDeluxe] Enabling HardcoreDeluxe v0.5
[18:13:53] [Server thread/INFO]: [PlaceholderAPI] Successfully registered internal expansion: hardcoredeluxe [0.5]
[18:13:53] [Server thread/INFO]: [HardcoreDeluxe] PlaceholderAPI expansion registered!
[18:13:53] [Server thread/INFO]: [HardcoreDeluxe] Hardcore Deluxe has been enabled successfully!
[18:13:53] [Server thread/INFO]: [PlaceholderAPI] Placeholder expansion registration initializing...
[18:13:53] [Server thread/INFO]: Running delayed init tasks
[18:13:53] [Server thread/INFO]: Done (6.661s)! For help, type "help"
[18:13:53] [Server thread/INFO]: Timings Reset
[18:13:53] [Server thread/INFO]: 0 placeholder hook(s) registered!
[18:17:08] [User Authenticator #0/INFO]: UUID of player liilkawe is 8cfb1853-4f06-30ab-8f39-7d303de2c157
[18:17:08] [Server thread/INFO]: liilkawe joined the game
[18:17:08] [Server thread/INFO]: liilkawe[/127.205.157.111:44635] logged in with entity id 233 at ([world]1145.1113410817138, 75.0, 433.4695886380807)
[18:28:13] [User Authenticator #1/INFO]: UUID of player Joaquincc2008 is 52624022-2ae9-3b29-9844-8f570b3378bf
[18:28:14] [Server thread/INFO]: Joaquincc2008 joined the game
[18:28:14] [Server thread/INFO]: Joaquincc2008[/127.182.153.59:42125] logged in with entity id 1393 at ([world]3747.493362546434, 74.02442408821369, 677.2555815354647)
[18:28:43] [Async Chat Thread - #1/INFO]: [Not Secure] <Joaquincc2008> pinchi jucy puto
[18:33:20] [Server thread/INFO]: liilkawe issued server command: /gamemode survival
[18:34:47] [Server thread/INFO]: liilkawe issued server command: /give @s minecraft:emerald_block 64
[18:42:36] [Server thread/INFO]: Villager Villager['Villager'/13690, uuid='8e91dfcd-8622-46a1-874f-29f775b3ba0c', l='ServerLevel[world]', x=6149.35, y=3.00, z=36.37, cpos=[384, 2], tl=644, v=true] died, message: 'Villager hit the ground too hard'
[18:46:21] [Server thread/INFO]: liilkawe lost connection: Disconnected
[18:46:21] [Server thread/INFO]: liilkawe left the game
[18:57:20] [Server thread/INFO]: Joaquincc2008 lost connection: Disconnected
[18:57:20] [Server thread/INFO]: Joaquincc2008 left the game
[18:57:29] [User Authenticator #2/INFO]: UUID of player Joaquincc2008 is 52624022-2ae9-3b29-9844-8f570b3378bf
[18:57:29] [Server thread/INFO]: Joaquincc2008 joined the game
[18:57:29] [Server thread/INFO]: Joaquincc2008[/127.182.153.59:42779] logged in with entity id 25833 at ([world]1144.0973006116117, 71.0, 438.94403708213383)
[19:04:58] [Server thread/INFO]: Joaquincc2008 has made the advancement [A Seedy Place]
[19:08:35] [User Authenticator #3/INFO]: UUID of player liilkawe is 8cfb1853-4f06-30ab-8f39-7d303de2c157
[19:08:35] [Server thread/INFO]: liilkawe joined the game
[19:08:35] [Server thread/INFO]: liilkawe[/127.205.157.111:38739] logged in with entity id 27239 at ([world]7125.4273027675645, 102.0, -783.0083865532674)
[19:10:56] [Server thread/INFO]: liilkawe issued server command: /seed
[19:11:30] [Server thread/INFO]: liilkawe issued server command: /tp 0 ~ 0
[19:25:33] [Server thread/INFO]: liilkawe issued server command: /tp 3936 ~ 800
